Copyright 1986-2019 Xilinx, Inc. All Rights Reserved.
-----------------------------------------------------------------------------------------------------------------------------------------------------------------------------------------------------
| Tool Version : Vivado v.2019.2.1 (lin64) Build 2729669 Thu Dec  5 04:48:12 MST 2019
| Date         : Thu May 21 22:10:41 2020
| Host         : brg-zhang-xcel.ece.cornell.edu running 64-bit CentOS Linux release 7.7.1908 (Core)
| Command      : report_accelerator_utilization -kernels { SysArray:pfm_top_i/dynamic_region/SysArray_1/inst:SysArray_1} -file ../../../output/kernel_util_placed.rpt -name kernel_util_placed -json
| Design       : pfm_top_wrapper
| Device       : xcu250
| Design State : Fully Placed
-----------------------------------------------------------------------------------------------------------------------------------------------------------------------------------------------------

Accelerator Utilization Design Information

Table of Contents
-----------------
1. System Utilization

1. System Utilization
---------------------

+---------------------+-------------------+------------------+-------------------+----------------+----------------+-----------------+
| Name                | LUT               | LUTAsMem         | REG               | BRAM           | URAM           | DSP             |
+---------------------+-------------------+------------------+-------------------+----------------+----------------+-----------------+
| Platform            |  147861 [  8.56%] |  13893 [  1.76%] |  233270 [  6.75%] |  264 [  9.82%] |    0 [  0.00%] |     7 [  0.06%] |
| User Budget         | 1579179 [100.00%] | 776667 [100.00%] | 3220810 [100.00%] | 2424 [100.00%] | 1280 [100.00%] | 12281 [100.00%] |
|    Used Resources   |    7955 [  0.50%] |   3096 [  0.40%] |    3932 [  0.12%] |    0 [  0.00%] |    8 [  0.63%] |   192 [  1.56%] |
|    Unused Resources | 1571224 [ 99.50%] | 773571 [ 99.60%] | 3216878 [ 99.88%] | 2424 [100.00%] | 1272 [ 99.38%] | 12089 [ 98.44%] |
| SysArray            |    7955 [  0.50%] |   3096 [  0.40%] |    3932 [  0.12%] |    0 [  0.00%] |    8 [  0.63%] |   192 [  1.56%] |
|    SysArray_1       |    7955 [  0.50%] |   3096 [  0.40%] |    3932 [  0.12%] |    0 [  0.00%] |    8 [  0.63%] |   192 [  1.56%] |
+---------------------+-------------------+------------------+-------------------+----------------+----------------+-----------------+


